// Jest Snapshot v1, https://goo.gl/fbAQLP

exports[`matches snapshot 1`] = `
<nav
  className="d-flex justify-content-between align-items-center p-2"
>
  <button
    onClick={[Function]}
    style={
      Object {
        "background": "none",
        "border": "none",
      }
    }
    type="button"
  >
    f
  </button>
  <span>
    Continents
  </span>
  <div
    className="App__navbar-searchContainer"
  >
    <input
      className="input"
      name="text"
      onChange={[Function]}
      placeholder="Search all..."
      required=""
      type="text"
    />
    <div
      className="icon"
    >
      <svg
        className="ionicon"
        viewBox="0 0 512 512"
        xmlns="http://www.w3.org/2000/svg"
      >
        <title>
          Search
        </title>
        <path
          d="M221.09 64a157.09 157.09 0 10157.09 157.09A157.1 157.1 0 00221.09 64z"
          fill="none"
          stroke="currentColor"
          strokeMiterlimit="10"
          strokeWidth="32"
        />
        <path
          d="M338.29 338.29L448 448"
          fill="none"
          stroke="currentColor"
          strokeLinecap="round"
          strokeMiterlimit="10"
          strokeWidth="32"
        />
      </svg>
    </div>
  </div>
  <div
    className="d-flex justify-content-between"
    style={
      Object {
        "width": "20%",
      }
    }
  >
    <button
      className="menu"
      onClick={[Function]}
      style={
        Object {
          "background": "none",
          "border": "none",
        }
      }
      type="button"
    >
      <svg
        className="bi bi-mic-fill"
        fill="white"
        height="20"
        viewBox="0 0 16 16"
        width="20"
        xmlns="http://www.w3.org/2000/svg"
      >
        <path
          d="M5 3a3 3 0 0 1 6 0v5a3 3 0 0 1-6 0V3z"
        />
        <path
          d="M3.5 6.5A.5.5 0 0 1 4 7v1a4 4 0 0 0 8 0V7a.5.5 0 0 1 1 0v1a5 5 0 0 1-4.5 4.975V15h3a.5.5 0 0 1 0 1h-7a.5.5 0 0 1 0-1h3v-2.025A5 5 0 0 1 3 8V7a.5.5 0 0 1 .5-.5z"
        />
      </svg>
    </button>
    <button
      className="menu"
      onClick={[Function]}
      style={
        Object {
          "background": "none",
          "border": "none",
        }
      }
      type="button"
    >
      <svg
        className="bi bi-gear-wide"
        fill="currentColor"
        height="16"
        viewBox="0 0 16 16"
        width="16"
        xmlns="http://www.w3.org/2000/svg"
      >
        <path
          d="M8.932.727c-.243-.97-1.62-.97-1.864 0l-.071.286a.96.96 0 0 1-1.622.434l-.205-.211c-.695-.719-1.888-.03-1.613.931l.08.284a.96.96 0 0 1-1.186 1.187l-.284-.081c-.96-.275-1.65.918-.931 1.613l.211.205a.96.96 0 0 1-.434 1.622l-.286.071c-.97.243-.97 1.62 0 1.864l.286.071a.96.96 0 0 1 .434 1.622l-.211.205c-.719.695-.03 1.888.931 1.613l.284-.08a.96.96 0 0 1 1.187 1.187l-.081.283c-.275.96.918 1.65 1.613.931l.205-.211a.96.96 0 0 1 1.622.434l.071.286c.243.97 1.62.97 1.864 0l.071-.286a.96.96 0 0 1 1.622-.434l.205.211c.695.719 1.888.03 1.613-.931l-.08-.284a.96.96 0 0 1 1.187-1.187l.283.081c.96.275 1.65-.918.931-1.613l-.211-.205a.96.96 0 0 1 .434-1.622l.286-.071c.97-.243.97-1.62 0-1.864l-.286-.071a.96.96 0 0 1-.434-1.622l.211-.205c.719-.695.03-1.888-.931-1.613l-.284.08a.96.96 0 0 1-1.187-1.186l.081-.284c.275-.96-.918-1.65-1.613-.931l-.205.211a.96.96 0 0 1-1.622-.434L8.932.727zM8 12.997a4.998 4.998 0 1 1 0-9.995 4.998 4.998 0 0 1 0 9.996z"
        />
      </svg>
    </button>
  </div>
</nav>
`;
